// Jest Snapshot v1, https://goo.gl/fbAQLP

exports[`Test Attendance Management SelectBoxes render SelectBoxes's component correctly 1`] = `" <div class=\\"attendance-select-boxes\\"><select class=\\"me-1\\" style=\\"width: 15rem; background-color: rgb(255, 255, 255); border: 1px solid #e3e3e3; border-radius: 4px; color: rgb(86, 86, 86); padding: 8px 12px; height: 40px; box-shadow: none;\\"><option value=\\"HCM22_CPL_REACT_02\\">HCM22_CPL_REACT_02</option><option value=\\"HCM22_CPL_JAVA_02\\">HCM22_CPL_JAVA_02</option><option value=\\"HCM22_CPL_REACT_02\\">HCM22_CPL_REACT_02</option></select></div> "`;
