// Jest Snapshot v1, https://goo.gl/fbAQLP

exports[`Test 3 Add Trainee Modal should have snapshot 1`] = `
<DocumentFragment>
  <div
    class="rna-container"
  >
    <div />
  </div>
  <button
    class="btn btn-fill w-100 btn btn-primary"
    type="button"
  >
    <i
      class="fas fa-plus fs-5 fw-bold ms-2 me-2"
    />
    Add
  </button>
</DocumentFragment>
`;
