// Jest Snapshot v1, https://goo.gl/fbAQLP

exports[`Test FresherList FresherListFilter render FresherListFilter's component correctly 1`] = `" <div class=\\"ps-3 pe-3 fresher-list-filter container-fluid\\"><div class=\\"row\\"><div style=\\"width: 120px;\\" class=\\"p-1  col-xxl-2 col-xl-4 col-lg-5 col-md-6\\"><select class=\\"form-select\\" aria-label=\\"Default select example\\"><option value=\\"0\\" selected=\\"\\">All Year</option></select></div><div style=\\"width: 120px;\\" class=\\"p-1 col-xxl-2 col-xl-4 col-lg-5 col-md-6\\"><select class=\\"form-select\\" aria-label=\\"Default select example\\"><option value=\\"\\" selected=\\"\\">All Class</option></select></div></div></div> "`;
