// Jest Snapshot v1, https://goo.gl/fbAQLP

exports[`Test Attendance Management SelectBoxes render SelectBoxes's component correctly 1`] = `" <div class=\\"attendance-select-boxes\\"><select class=\\"me-1\\" style=\\"width: 15rem; background-color: rgb(255, 255, 255); border: 1px solid #e3e3e3; border-radius: 4px; color: rgb(86, 86, 86); padding: 8px 12px; height: 40px; box-shadow: none;\\"><option value=\\"HCM22_CPL_REACT_01\\">HCM22_CPL_REACT_01</option><option value=\\"HCM22_CPL_JAVA_01\\">HCM22_CPL_JAVA_01</option><option value=\\"HCM22_CPL_REACT_02\\">HCM22_CPL_REACT_02</option></select><select style=\\"width: 10rem; background-color: rgb(255, 255, 255); border: 1px solid #e3e3e3; border-radius: 4px; color: rgb(86, 86, 86); padding: 8px 12px; height: 40px; box-shadow: none;\\"><option value=\\"June - 2022\\">June - 2022</option><option value=\\"July - 2022\\">July - 2022</option><option value=\\"August - 2022\\">August - 2022</option></select></div> "`;
